
> chuka@0.1.0 build
> next build

node.exe : ΓÜá Attempted 
to load 
@next/swc-win32-x64-msvc, 
but an error occurred: An 
Application Control policy 
has blocked this file.
At line:1 char:1
+ & "C:\Program 
Files\nodejs/node.exe" 
"C:\Program 
Files\nodejs/node_mo ...
+ ~~~~~~~~~~~~~~~~~~~~~~~~~
~~~~~~~~~~~~~~~~~~~~~~~~~~~
~~~~~~~~~~~~~~~~~
    + CategoryInfo         
     : NotSpecified: (ΓÜá  
   Attempted t...cked th   
 is file.:String) [], R    
emoteException
    + FullyQualifiedErrorI 
   d : NativeCommandError
 
\\?\C:\Users\maki\Documents
\chuka\node_modules\@next\s
wc-win32-x64-msvc\next-swc.
win32-x64-msvc.node
  Skipping creating a lockfile at C:\Users\maki\Documents\chuka\.next\lock because we're using WASM bindings
Γû▓ Next.js 16.2.4 (Turbopack)

  Creating an optimized production build ...
ΓÜá Attempted to load 
@next/swc-win32-x64-msvc, 
but an error occurred: An 
Application Control policy 
has blocked this file.
\\?\C:\Users\maki\Documents
\chuka\node_modules\@next\s
wc-win32-x64-msvc\next-swc.
win32-x64-msvc.node

> Build error occurred
Error: Turbopack is not 
supported on this platform 
(win32/x64) because native 
bindings are not 
available. Only 
WebAssembly (WASM) 
bindings were loaded, and 
Turbopack requires native 
bindings.

To build on this platform, 
use Webpack instead:
  next build --webpack

For more information, see: 
https://nextjs.org/docs/app
/api-reference/turbopack#su
pported-platforms
    at ignore-listed frames
